// Jest Snapshot v1, https://goo.gl/fbAQLP

exports[`Edit expense page should render correctly 1`] = `
<div>
  <div
    className="page-header"
  >
    <div
      className="container"
    >
      <h2
        className="page-header__title"
      >
        Edit Expense
      </h2>
    </div>
  </div>
  <div
    className="container"
  >
    <button
      className="button button--back"
    >
      Back
    </button>
    <ExpenseForm
      amount={500}
      createdAt={0}
      desc="test 1"
      id="1"
      note="test 1 note"
      onSubmit={[Function]}
    />
    <button
      className="button button--secondary"
      onClick={[Function]}
    >
      Remove Expense
    </button>
  </div>
</div>
`;
