// Jest Snapshot v1, https://goo.gl/fbAQLP

exports[`Expense item should render correctly 1`] = `
<Link
  className="list-item"
  replace={false}
  to="/edit/1"
>
  <div>
    <h3
      className="list-item__title"
    >
      test 1
    </h3>
    <span
      className="list-item__subtitle"
    >
      01/01/1970
    </span>
  </div>
  <h3
    className="list-item__data"
  >
    $5.00
  </h3>
</Link>
`;
