// Jest Snapshot v1, https://goo.gl/fbAQLP

exports[`should render Expense List with expenses 1`] = `
<React.Fragment>
  <Connect(ExpenseListFilter) />
  <ExpenseListItem
    amount={500}
    createdAt={0}
    desc="test 1"
    id="1"
    key="1"
    note="test 1 note"
  />
  <ExpenseListItem
    amount={1000}
    createdAt={-345600000}
    desc="test 2"
    id="2"
    key="2"
    note="test 2 note"
  />
  <ExpenseListItem
    amount={200}
    createdAt={345600000}
    desc="test 3"
    id="3"
    key="3"
    note="test 3 note"
  />
</React.Fragment>
`;

exports[`should render paragraph with no expenses 1`] = `
<React.Fragment>
  <Connect(ExpenseListFilter) />
  <p>
    No expenses
  </p>
</React.Fragment>
`;
