// Jest Snapshot v1, https://goo.gl/fbAQLP

exports[`Expense Dashboard should render correctly 1`] = `
<div>
  <Connect(ExpensesSummary) />
  <Connect(ExpenseListFilter) />
  <Connect(ExpenseList) />
</div>
`;
